> # empty
> empty_dm() %>% dm_paste()
Message: dm()

> # baseline
> dm_for_filter %>% dm_paste()
Message: dm(t1, t2, t3, t4, t5, t6) %>%
  dm_add_pk(t1, a) %>%
  dm_add_pk(t2, c) %>%
  dm_add_pk(t3, f) %>%
  dm_add_pk(t4, h) %>%
  dm_add_pk(t5, k) %>%
  dm_add_pk(t6, n) %>%
  dm_add_fk(t2, d, t1) %>%
  dm_add_fk(t2, e, t3) %>%
  dm_add_fk(t4, j, t3) %>%
  dm_add_fk(t5, l, t4) %>%
  dm_add_fk(t5, m, t6)

> # changing the tab width
> dm_for_filter %>% dm_paste(tab_width = 4)
Message: dm(t1, t2, t3, t4, t5, t6) %>%
    dm_add_pk(t1, a) %>%
    dm_add_pk(t2, c) %>%
    dm_add_pk(t3, f) %>%
    dm_add_pk(t4, h) %>%
    dm_add_pk(t5, k) %>%
    dm_add_pk(t6, n) %>%
    dm_add_fk(t2, d, t1) %>%
    dm_add_fk(t2, e, t3) %>%
    dm_add_fk(t4, j, t3) %>%
    dm_add_fk(t5, l, t4) %>%
    dm_add_fk(t5, m, t6)

> # we don't care if the tables really exist
> dm_for_filter %>% dm_rename_tbl(t1_new = t1) %>% dm_paste()
Message: dm(t1_new, t2, t3, t4, t5, t6) %>%
  dm_add_pk(t1_new, a) %>%
  dm_add_pk(t2, c) %>%
  dm_add_pk(t3, f) %>%
  dm_add_pk(t4, h) %>%
  dm_add_pk(t5, k) %>%
  dm_add_pk(t6, n) %>%
  dm_add_fk(t2, d, t1_new) %>%
  dm_add_fk(t2, e, t3) %>%
  dm_add_fk(t4, j, t3) %>%
  dm_add_fk(t5, l, t4) %>%
  dm_add_fk(t5, m, t6)

> # produce `dm_select()` statements in addition to the rest
> dm_for_filter %>% dm_select(t5, k = k, m) %>% dm_select(t1, a) %>% dm_add_tbl(
+   x = tibble()) %>% dm_paste(options = "select")
Message: dm(t1, t2, t3, t4, t5, t6, x) %>%
  dm_select(t1, a) %>%
  dm_select(t2, c, d, e) %>%
  dm_select(t3, f, g) %>%
  dm_select(t4, h, i, j) %>%
  dm_select(t5, k, m) %>%
  dm_select(t6, n, o) %>%
  dm_select(x)

> # produce code with colors
> dm_for_filter %>% dm_set_colors(orange = t1:t3, darkgreen = t5:t6) %>% dm_paste()
Message: dm(t1, t2, t3, t4, t5, t6) %>%
  dm_add_pk(t1, a) %>%
  dm_add_pk(t2, c) %>%
  dm_add_pk(t3, f) %>%
  dm_add_pk(t4, h) %>%
  dm_add_pk(t5, k) %>%
  dm_add_pk(t6, n) %>%
  dm_add_fk(t2, d, t1) %>%
  dm_add_fk(t2, e, t3) %>%
  dm_add_fk(t4, j, t3) %>%
  dm_add_fk(t5, l, t4) %>%
  dm_add_fk(t5, m, t6) %>%
  dm_set_colors(`#FFA500FF` = t1) %>%
  dm_set_colors(`#FFA500FF` = t2) %>%
  dm_set_colors(`#FFA500FF` = t3) %>%
  dm_set_colors(`#006400FF` = t5) %>%
  dm_set_colors(`#006400FF` = t6)

> # tick if needed
> a <- tibble(x = 1)
> names(a) <- "a b"
> dm(a) %>% dm_zoom_to(a) %>% dm_insert_zoomed("a b") %>% dm_add_pk(a, "a b") %>%
+   dm_add_fk("a b", "a b", a) %>% dm_set_colors(green = "a b") %>% dm_paste(
+   options = "all")
Message: a <- tibble(
  `a b` = numeric(0)
)

`a b` <- tibble(
  `a b` = numeric(0)
)

dm(a, `a b`) %>%
  dm_add_pk(a, `a b`) %>%
  dm_add_fk(`a b`, `a b`, a) %>%
  dm_set_colors(`#00FF00FF` = `a b`)

> # all of nycflights13
> dm_nycflights13() %>% dm_paste(options = "all")
Message: airlines <- tibble(
  carrier = character(0),
  name = character(0)
)

airports <- tibble(
  faa = character(0),
  name = character(0),
  lat = numeric(0),
  lon = numeric(0),
  alt = numeric(0),
  tz = numeric(0),
  dst = character(0),
  tzone = character(0)
)

flights <- tibble(
  year = integer(0),
  month = integer(0),
  day = integer(0),
  dep_time = integer(0),
  sched_dep_time = integer(0),
  dep_delay = numeric(0),
  arr_time = integer(0),
  sched_arr_time = integer(0),
  arr_delay = numeric(0),
  carrier = character(0),
  flight = integer(0),
  tailnum = character(0),
  origin = character(0),
  dest = character(0),
  air_time = numeric(0),
  distance = numeric(0),
  hour = numeric(0),
  minute = numeric(0),
  time_hour = structure(numeric(0), tzone = "America/New_York", class = c("POSIXct", "POSIXt"))
)

planes <- tibble(
  tailnum = character(0),
  year = integer(0),
  type = character(0),
  manufacturer = character(0),
  model = character(0),
  engines = integer(0),
  seats = integer(0),
  speed = integer(0),
  engine = character(0)
)

weather <- tibble(
  origin = character(0),
  year = integer(0),
  month = integer(0),
  day = integer(0),
  hour = integer(0),
  temp = numeric(0),
  dewp = numeric(0),
  humid = numeric(0),
  wind_dir = numeric(0),
  wind_speed = numeric(0),
  wind_gust = numeric(0),
  precip = numeric(0),
  pressure = numeric(0),
  visib = numeric(0),
  time_hour = structure(numeric(0), tzone = "America/New_York", class = c("POSIXct", "POSIXt"))
)

dm(airlines, airports, flights, planes, weather) %>%
  dm_add_pk(airlines, carrier) %>%
  dm_add_pk(airports, faa) %>%
  dm_add_pk(planes, tailnum) %>%
  dm_add_fk(flights, carrier, airlines) %>%
  dm_add_fk(flights, origin, airports) %>%
  dm_add_fk(flights, tailnum, planes) %>%
  dm_set_colors(`#ED7D31FF` = airlines) %>%
  dm_set_colors(`#ED7D31FF` = airports) %>%
  dm_set_colors(`#5B9BD5FF` = flights) %>%
  dm_set_colors(`#ED7D31FF` = planes) %>%
  dm_set_colors(`#70AD47FF` = weather)

> # deprecation warning for select argument
> dm() %>% dm_paste(select = TRUE)
Warning: The `select` argument of `dm_paste()` is deprecated as of dm 0.1.2.
Please use the `options` argument instead.

Message: dm()

> # error for bad option
> dm() %>% dm_paste(options = c("bogus", "all", "mad"))
Error: Option unknown: "bogus", "mad". Must be one of "all", "tables", "keys", "select", "color".

