> data <- memdb_frame(a = 1:3, b = letters[c(1:2, NA)], c = 0.5 + 0:2)
> rows_insert(data, a, a = 4, b = "z")
Error: `x` and `y` must share the same src, set `copy` = TRUE (may be slow)

> rows_insert(data, a, a = 4, b = "z", .copy = TRUE)
Message: Not persisting, use `.persist = FALSE` to turn off this message. See `?"rows-db" for details.

      a b         c
  <dbl> <chr> <dbl>
1     1 a       0.5
2     2 b       1.5
3     3 <NA>    2.5
4     4 z      NA  

> rows_update(data, a, a = 2:3, b = "w", .copy = TRUE, .persist = FALSE)
      a b         c
  <int> <chr> <dbl>
1     1 a       0.5
2     2 w       1.5
3     3 w       2.5

> rows_insert(data, a, memdb_frame(a = 4, b = "z"), .persist = TRUE)
> data
      a b         c
  <int> <chr> <dbl>
1     1 a       0.5
2     2 b       1.5
3     3 <NA>    2.5
4     4 z      NA  

> rows_update(data, a, memdb_frame(a = 2:3, b = "w"), .persist = TRUE)
> data
      a b         c
  <int> <chr> <dbl>
1     1 a       0.5
2     2 w       1.5
3     3 w       2.5
4     4 z      NA  

